// Jest Snapshot v1, https://goo.gl/fbAQLP

exports[`Home page matches snapshot 1`] = `
<DocumentFragment>
  <div
    class="jsx-3338215361 container"
  >
    <main
      class="jsx-3338215361"
    >
      <h1
        class="jsx-3338215361 title"
      >
        Uno score
      </h1>
      <h2
        class="jsx-3338215361"
      >
        Step.1 Initial settings
      </h2>
      <section
        class="jsx-3338215361"
      >
        <div>
          <label>
            ２位免除
            <input
              checked=""
              type="checkbox"
            />
          </label>
          <label>
            ３位免除
            <input
              type="checkbox"
            />
          </label>
        </div>
        倍率：
        <select
          class="jsx-3338215361"
        >
          <option
            class="jsx-3338215361"
            value="1"
          >
            x1
          </option>
          <option
            class="jsx-3338215361"
            value="2"
          >
            x2
          </option>
          <option
            class="jsx-3338215361"
            value="3"
          >
            x3
          </option>
          <option
            class="jsx-3338215361"
            value="4"
          >
            x4
          </option>
          <option
            class="jsx-3338215361"
            value="5"
          >
            x5
          </option>
        </select>
        <form>
          <label>
            ユーザー追加
          </label>
          <input
            type="text"
            value=""
          />
          <button
            type="submit"
          >
            add
          </button>
        </form>
      </section>
      <h2
        class="jsx-3338215361"
      >
        Step.2 Input scores
      </h2>
      <section
        class="jsx-3338215361"
      >
        <table>
          <thead>
            <tr>
              <td>
                Round
              </td>
            </tr>
          </thead>
          <tbody />
        </table>
        <button
          class="jsx-3338215361"
        >
          add Round
        </button>
      </section>
      <h2
        class="jsx-3338215361"
      >
        Step.3 Results
      </h2>
      <section
        class="jsx-3338215361"
      >
        <h1
          class="jsx-3338215361"
        >
          結果
        </h1>
        <table>
          <thead>
            <tr>
              <th>
                Round
              </th>
            </tr>
          </thead>
          <tbody />
          <tfoot>
            <tr>
              <th>
                合計(x1)
              </th>
            </tr>
          </tfoot>
        </table>
      </section>
    </main>
    <footer
      class="jsx-3338215361"
    >
      <div
        class="jsx-3338215361"
      >
        Powered by Ryuta Kojima
      </div>
      <a
        class="jsx-3338215361 github-link"
        href="https://github.com/RyutaKojima/UnoScore"
      >
        GitHub
      </a>
    </footer>
  </div>
</DocumentFragment>
`;
